** Drc report for room-node.kicad_pcb **
** Created on 2026-10-05T06:35:26 **
** Report includes: Errors, Warnings **

** Found 5 DRC violations **
[silk_edge_clearance]: Silkscreen clipped by board edge (board setup constraints silk clearance 0.1500 mm; actual 0.0000 mm)
    Rule: board setup constraints silk; warning
    @(101.0000 mm, 100.0000 mm): Segment on Edge.Cuts
    @(118.8000 mm, 93.8500 mm): Segment of U1 on F.Silkscreen
[silk_edge_clearance]: Silkscreen clipped by board edge (board setup constraints silk clearance 0.1500 mm; actual 0.0000 mm)
    Rule: board setup constraints silk; warning
    @(101.0000 mm, 100.0000 mm): Segment on Edge.Cuts
    @(137.2000 mm, 93.8500 mm): Segment of U1 on F.Silkscreen
[silk_overlap]: Silkscreen clearance (board setup constraints silk clearance 0.1500 mm; actual 0.0000 mm)
    Rule: board setup constraints silk; warning
    @(112.3700 mm, 103.4000 mm): Reference field of R9
    @(112.6225 mm, 103.6373 mm): Segment of R10 on F.Silkscreen
[silk_over_copper]: Silkscreen clipped by solder mask
    Local override; warning
    @(112.3700 mm, 103.4000 mm): Reference field of R9
    @(112.1000 mm, 102.5750 mm): Pad 2 [I2S_MIC_WS] of R10 on F.Cu
[silk_over_copper]: Silkscreen clipped by solder mask
    Local override; warning
    @(112.3700 mm, 103.4000 mm): Reference field of R9
    @(112.1000 mm, 104.2250 mm): Pad 1 [Net-(MK1-WS)] of R10 on F.Cu

** Found 0 unconnected pads **

** Found 0 Footprint errors **

** Ignored checks **
    - Footprint has no courtyard defined
    - Track endpoint not centered on via
    - Tuning profile track geometries
    - Footprint doesn't match symbol's footprint filters
    - Footprint component type doesn't match footprint pads

** End of Report **
