ERC report (2026-09-28T02:12:44, Encoding UTF8)
Report includes: Errors, Warnings, Exclusions

***** Sheet /
[power_pin_not_driven]: Input Power pin not driven by any Output Power pins
    ; error
    @(62.865 mm, 72.39 mm): Symbol #PWR0201 Pin 1 [Power input, Line]
[pin_not_connected]: Pin not connected
    ; error
    @(73.66 mm, 139.70 mm): Symbol SW202 Pin 2 [2, Passive, Line]
[pin_not_connected]: Pin not connected
    ; error
    @(81.28 mm, 146.05 mm): Symbol R205 Pin 1 [Passive, Line]
[pin_not_connected]: Pin not connected
    ; error
    @(81.28 mm, 153.67 mm): Symbol R205 Pin 2 [Passive, Line]
[power_pin_not_driven]: Input Power pin not driven by any Output Power pins
    ; error
    @(82.55 mm, 31.75 mm): Symbol #PWR0205 Pin 1 [Power input, Line]
[pin_not_connected]: Pin not connected
    ; error
    @(88.265 mm, 154.305 mm): Symbol C201 Pin 1 [Passive, Line]
[pin_not_connected]: Pin not connected
    ; error
    @(88.265 mm, 161.925 mm): Symbol C201 Pin 2 [Passive, Line]
[power_pin_not_driven]: Input Power pin not driven by any Output Power pins
    ; error
    @(101.60 mm, 101.60 mm): Symbol U202 Pin 3 [VI, Power input, Line]
[pin_not_connected]: Pin not connected
    ; error
    @(103.505 mm, 154.305 mm): Symbol C202 Pin 1 [Passive, Line]
[pin_not_connected]: Pin not connected
    ; error
    @(103.505 mm, 161.925 mm): Symbol C202 Pin 2 [Passive, Line]
[pin_not_connected]: Pin not connected
    ; error
    @(104.14 mm, 167.005 mm): Symbol C206 Pin 1 [Passive, Line]
[pin_not_connected]: Pin not connected
    ; error
    @(104.14 mm, 174.625 mm): Symbol C206 Pin 2 [Passive, Line]
[pin_not_connected]: Pin not connected
    ; error
    @(118.11 mm, 167.005 mm): Symbol C207 Pin 1 [Passive, Line]
[pin_not_connected]: Pin not connected
    ; error
    @(118.11 mm, 174.625 mm): Symbol C207 Pin 2 [Passive, Line]
[pin_not_connected]: Pin not connected
    ; error
    @(127.00 mm, 136.525 mm): Symbol TP204 Pin 1 [1, Passive, Line]
[pin_not_connected]: Pin not connected
    ; error
    @(137.795 mm, 151.13 mm): Symbol SW203 Pin 1 [1, Passive, Line]
[pin_not_connected]: Pin not connected
    ; error
    @(139.70 mm, 136.525 mm): Symbol TP205 Pin 1 [1, Passive, Line]
[pin_not_driven]: Input pin not driven by any Output pins
    ; error
    @(143.51 mm, 30.48 mm): Symbol U201 Pin 3 [EN, Input, Line]
[pin_not_connected]: Pin not connected
    ; error
    @(143.51 mm, 38.10 mm): Symbol U201 Pin 39 [IO1, Bidirectional, Line]
[pin_not_connected]: Pin not connected
    ; error
    @(143.51 mm, 40.64 mm): Symbol U201 Pin 38 [IO2, Bidirectional, Line]
[pin_not_connected]: Pin not connected
    ; error
    @(143.51 mm, 43.18 mm): Symbol U201 Pin 15 [IO3, Bidirectional, Line]
[pin_not_connected]: Pin not connected
    ; error
    @(143.51 mm, 45.72 mm): Symbol U201 Pin 4 [IO4, Bidirectional, Line]
[pin_not_connected]: Pin not connected
    ; error
    @(143.51 mm, 48.26 mm): Symbol U201 Pin 5 [IO5, Bidirectional, Line]
[pin_not_connected]: Pin not connected
    ; error
    @(143.51 mm, 50.80 mm): Symbol U201 Pin 6 [IO6, Bidirectional, Line]
[pin_not_connected]: Pin not connected
    ; error
    @(143.51 mm, 53.34 mm): Symbol U201 Pin 7 [IO7, Bidirectional, Line]
[pin_not_connected]: Pin not connected
    ; error
    @(143.51 mm, 55.88 mm): Symbol U201 Pin 12 [IO8, Bidirectional, Line]
[pin_not_connected]: Pin not connected
    ; error
    @(143.51 mm, 58.42 mm): Symbol U201 Pin 17 [IO9, Bidirectional, Line]
[pin_not_connected]: Pin not connected
    ; error
    @(143.51 mm, 60.96 mm): Symbol U201 Pin 18 [IO10, Bidirectional, Line]
[pin_not_connected]: Pin not connected
    ; error
    @(143.51 mm, 63.50 mm): Symbol U201 Pin 19 [IO11, Bidirectional, Line]
[pin_not_connected]: Pin not connected
    ; error
    @(143.51 mm, 66.04 mm): Symbol U201 Pin 20 [IO12, Bidirectional, Line]
[pin_not_connected]: Pin not connected
    ; error
    @(143.51 mm, 68.58 mm): Symbol U201 Pin 21 [IO13, Bidirectional, Line]
[pin_not_connected]: Pin not connected
    ; error
    @(143.51 mm, 71.12 mm): Symbol U201 Pin 22 [IO14, Bidirectional, Line]
[pin_not_connected]: Pin not connected
    ; error
    @(143.51 mm, 73.66 mm): Symbol U201 Pin 8 [IO15, Bidirectional, Line]
[pin_not_connected]: Pin not connected
    ; error
    @(143.51 mm, 76.20 mm): Symbol U201 Pin 9 [IO16, Bidirectional, Line]
[pin_not_connected]: Pin not connected
    ; error
    @(147.955 mm, 151.13 mm): Symbol SW203 Pin 2 [2, Passive, Line]
[pin_not_connected]: Pin not connected
    ; error
    @(152.40 mm, 130.175 mm): Symbol TP203 Pin 1 [1, Passive, Line]
[pin_not_connected]: Pin not connected
    ; error
    @(152.40 mm, 136.525 mm): Symbol TP206 Pin 1 [1, Passive, Line]
[pin_not_connected]: Pin not connected
    ; error
    @(152.40 mm, 142.875 mm): Symbol TP207 Pin 1 [1, Passive, Line]
[power_pin_not_driven]: Input Power pin not driven by any Output Power pins
    ; error
    @(158.75 mm, 25.40 mm): Symbol #PWR0206 Pin 1 [Power input, Line]
[pin_not_connected]: Pin not connected
    ; error
    @(173.99 mm, 35.56 mm): Symbol U201 Pin 10 [IO17, Bidirectional, Line]
[pin_not_connected]: Pin not connected
    ; error
    @(173.99 mm, 38.10 mm): Symbol U201 Pin 11 [IO18, Bidirectional, Line]
[pin_not_connected]: Pin not connected
    ; error
    @(173.99 mm, 45.72 mm): Symbol U201 Pin 23 [IO21, Bidirectional, Line]
[pin_not_connected]: Pin not connected
    ; error
    @(173.99 mm, 48.26 mm): Symbol U201 Pin 28 [IO35, Bidirectional, Line]
[pin_not_connected]: Pin not connected
    ; error
    @(173.99 mm, 50.80 mm): Symbol U201 Pin 29 [IO36, Bidirectional, Line]
[pin_not_connected]: Pin not connected
    ; error
    @(173.99 mm, 53.34 mm): Symbol U201 Pin 30 [IO37, Bidirectional, Line]
[pin_not_connected]: Pin not connected
    ; error
    @(173.99 mm, 58.42 mm): Symbol U201 Pin 32 [IO39, Bidirectional, Line]
[pin_not_connected]: Pin not connected
    ; error
    @(173.99 mm, 66.04 mm): Symbol U201 Pin 35 [IO42, Bidirectional, Line]
[pin_not_connected]: Pin not connected
    ; error
    @(173.99 mm, 68.58 mm): Symbol U201 Pin 26 [IO45, Bidirectional, Line]
[pin_not_connected]: Pin not connected
    ; error
    @(173.99 mm, 71.12 mm): Symbol U201 Pin 16 [IO46, Bidirectional, Line]
[pin_not_connected]: Pin not connected
    ; error
    @(173.99 mm, 73.66 mm): Symbol U201 Pin 24 [IO47, Bidirectional, Line]
[pin_not_connected]: Pin not connected
    ; error
    @(173.99 mm, 76.20 mm): Symbol U201 Pin 25 [IO48, Bidirectional, Line]
[endpoint_off_grid]: Symbol pin or wire end off connection grid
    ; warning
    @(55.245 mm, 72.39 mm): Symbol #PWR0202 Pin 1 [Power input, Line]
[endpoint_off_grid]: Symbol pin or wire end off connection grid
    ; warning
    @(62.865 mm, 72.39 mm): Symbol #PWR0201 Pin 1 [Power input, Line]
[endpoint_off_grid]: Symbol pin or wire end off connection grid
    ; warning
    @(78.105 mm, 34.29 mm): Horizontal Wire, length 4.445 mm
[endpoint_off_grid]: Symbol pin or wire end off connection grid
    ; warning
    @(78.105 mm, 39.37 mm): Horizontal Wire, length 4.445 mm
[endpoint_off_grid]: Symbol pin or wire end off connection grid
    ; warning
    @(78.105 mm, 41.91 mm): Horizontal Wire, length 4.445 mm
[endpoint_off_grid]: Symbol pin or wire end off connection grid
    ; warning
    @(78.105 mm, 46.99 mm): Horizontal Wire, length 4.445 mm
[endpoint_off_grid]: Symbol pin or wire end off connection grid
    ; warning
    @(78.105 mm, 49.53 mm): Horizontal Wire, length 4.445 mm
[endpoint_off_grid]: Symbol pin or wire end off connection grid
    ; warning
    @(78.105 mm, 52.07 mm): Horizontal Wire, length 4.445 mm
[endpoint_off_grid]: Symbol pin or wire end off connection grid
    ; warning
    @(78.105 mm, 54.61 mm): Horizontal Wire, length 4.445 mm
[endpoint_off_grid]: Symbol pin or wire end off connection grid
    ; warning
    @(78.105 mm, 64.77 mm): Symbol J201 Pin B8 [SBU2, Bidirectional, Line]
[endpoint_off_grid]: Symbol pin or wire end off connection grid
    ; warning
    @(88.265 mm, 154.305 mm): Symbol C201 Pin 1 [Passive, Line]
[endpoint_off_grid]: Symbol pin or wire end off connection grid
    ; warning
    @(103.505 mm, 154.305 mm): Symbol C202 Pin 1 [Passive, Line]
[endpoint_off_grid]: Symbol pin or wire end off connection grid
    ; warning
    @(104.14 mm, 167.005 mm): Symbol C206 Pin 1 [Passive, Line]
[endpoint_off_grid]: Symbol pin or wire end off connection grid
    ; warning
    @(118.11 mm, 167.005 mm): Symbol C207 Pin 1 [Passive, Line]
[endpoint_off_grid]: Symbol pin or wire end off connection grid
    ; warning
    @(127.00 mm, 93.345 mm): Symbol #PWR0210 Pin 1 [Power input, Line]
[endpoint_off_grid]: Symbol pin or wire end off connection grid
    ; warning
    @(127.00 mm, 93.345 mm): Vertical Wire, length 0.635 mm
[endpoint_off_grid]: Symbol pin or wire end off connection grid
    ; warning
    @(127.00 mm, 136.525 mm): Symbol TP204 Pin 1 [1, Passive, Line]
[isolated_pin_label]: Label connected to only one pin
    ; warning
    @(139.70 mm, 30.48 mm): Global Label 'EN'
[isolated_pin_label]: Label connected to only one pin
    ; warning
    @(139.70 mm, 35.56 mm): Global Label 'IO0'
[endpoint_off_grid]: Symbol pin or wire end off connection grid
    ; warning
    @(139.70 mm, 136.525 mm): Symbol TP205 Pin 1 [1, Passive, Line]
[endpoint_off_grid]: Symbol pin or wire end off connection grid
    ; warning
    @(147.955 mm, 151.13 mm): Symbol SW203 Pin 2 [2, Passive, Line]
[endpoint_off_grid]: Symbol pin or wire end off connection grid
    ; warning
    @(152.40 mm, 130.175 mm): Symbol TP203 Pin 1 [1, Passive, Line]
[endpoint_off_grid]: Symbol pin or wire end off connection grid
    ; warning
    @(152.40 mm, 136.525 mm): Symbol TP206 Pin 1 [1, Passive, Line]
[endpoint_off_grid]: Symbol pin or wire end off connection grid
    ; warning
    @(152.40 mm, 142.875 mm): Symbol TP207 Pin 1 [1, Passive, Line]
[isolated_pin_label]: Label connected to only one pin
    ; warning
    @(177.80 mm, 55.88 mm): Global Label 'IO38'

 ** ERC messages: 76  Errors 51  Warnings 25

 ** Ignored checks:
    - Global label only appears once in the schematic
    - Four connection points are joined together
    - SPICE model issue
    - Assigned footprint doesn't match footprint filters
